// Jest Snapshot v1, https://goo.gl/fbAQLP

exports[`renders correctly 1`] = `
<div
  className="sc-e14423ad-0 cGMYIR"
>
  <div
    className="sc-e14423ad-1 jWnEMd"
  >
    <h2>
      All messages (
      0
      )
    </h2>
    <div
      className="sc-e14423ad-4 jJxCJw"
    >
      <button>
        <span
          style={
            {
              "background": "none",
              "border": 0,
              "boxSizing": "border-box",
              "display": "inline-block",
              "height": "initial",
              "margin": 0,
              "maxWidth": "100%",
              "opacity": 1,
              "overflow": "hidden",
              "padding": 0,
              "position": "relative",
              "width": "initial",
            }
          }
        >
          <span
            style={
              {
                "background": "none",
                "border": 0,
                "boxSizing": "border-box",
                "display": "block",
                "height": "initial",
                "margin": 0,
                "maxWidth": "100%",
                "opacity": 1,
                "padding": 0,
                "width": "initial",
              }
            }
          >
            <img
              alt=""
              aria-hidden={true}
              src="data:image/svg+xml,%3csvg%20xmlns=%27http://www.w3.org/2000/svg%27%20version=%271.1%27%20width=%2722%27%20height=%2722%27/%3e"
              style={
                {
                  "background": "none",
                  "border": 0,
                  "display": "block",
                  "height": "initial",
                  "margin": 0,
                  "maxWidth": "100%",
                  "opacity": 1,
                  "padding": 0,
                  "width": "initial",
                }
              }
            />
          </span>
          <img
            alt=""
            data-nimg="intrinsic"
            decoding="async"
            onError={[Function]}
            onLoad={[Function]}
            src="data:image/gif;base64,R0lGODlhAQABAIAAAAAAAP///yH5BAEAAAAALAAAAAABAAEAAAIBRAA7"
            style={
              {
                "border": "none",
                "bottom": 0,
                "boxSizing": "border-box",
                "display": "block",
                "height": 0,
                "left": 0,
                "margin": "auto",
                "maxHeight": "100%",
                "maxWidth": "100%",
                "minHeight": "100%",
                "minWidth": "100%",
                "objectFit": undefined,
                "objectPosition": undefined,
                "padding": 0,
                "position": "absolute",
                "right": 0,
                "top": 0,
                "width": 0,
              }
            }
          />
          <noscript>
            <img
              alt=""
              data-nimg="intrinsic"
              decoding="async"
              loading="lazy"
              src="/f-search.svg"
              srcSet="/f-search.svg 1x, /f-search.svg 2x"
              style={
                {
                  "border": "none",
                  "bottom": 0,
                  "boxSizing": "border-box",
                  "display": "block",
                  "height": 0,
                  "left": 0,
                  "margin": "auto",
                  "maxHeight": "100%",
                  "maxWidth": "100%",
                  "minHeight": "100%",
                  "minWidth": "100%",
                  "objectFit": undefined,
                  "objectPosition": undefined,
                  "padding": 0,
                  "position": "absolute",
                  "right": 0,
                  "top": 0,
                  "width": 0,
                }
              }
            />
          </noscript>
        </span>
      </button>
      <input
        placeholder="Search people or message"
        type="text"
      />
    </div>
  </div>
  <div
    className="sc-e14423ad-2 cvMVPc"
  />
</div>
`;
