// Jest Snapshot v1, https://goo.gl/fbAQLP

exports[`renders correctly 1`] = `
<div
  className="sc-9fe76d5-0 gXSgpG"
>
  <button
    className="sc-9fe76d5-1 jjfOKt"
    onClick={[Function]}
  >
    <svg
      fill="none"
      height="14"
      viewBox="0 0 14 14"
      width="14"
      xmlns="http://www.w3.org/2000/svg"
    >
      <path
        clip-rule="evenodd"
        d="M6.52876 0.52859C6.78911 0.268241 7.21122 0.268241 7.47157 0.52859L13.4716 6.52859C13.7319 6.78894 13.7319 7.21105 13.4716 7.4714C13.2112 7.73175 12.7891 7.73175 12.5288 7.4714L12.3335 7.27614V12.3333C12.3335 12.6869 12.193 13.0261 11.943 13.2761C11.6929 13.5262 11.3538 13.6667 11.0002 13.6667H3.00016C2.64654 13.6667 2.3074 13.5262 2.05735 13.2761C1.80731 13.0261 1.66683 12.6869 1.66683 12.3333V7.27614L1.47157 7.4714C1.21122 7.73175 0.789108 7.73175 0.528758 7.4714C0.268409 7.21105 0.268409 6.78894 0.528758 6.52859L6.52876 0.52859ZM3.00016 5.9428V12.3333H5.00016V9.66666C5.00016 9.31304 5.14064 8.9739 5.39069 8.72385C5.64074 8.4738 5.97987 8.33333 6.3335 8.33333H7.66683C8.02045 8.33333 8.35959 8.4738 8.60964 8.72385C8.85969 8.9739 9.00016 9.31304 9.00016 9.66666V12.3333H11.0002V5.9428L7.00016 1.9428L3.00016 5.9428ZM7.66683 12.3333V9.66666H6.3335V12.3333H7.66683Z"
        fill="currentColor"
        fill-rule="evenodd"
      />
    </svg>
    <span>
      Home
    </span>
  </button>
  <button
    className="sc-9fe76d5-1 jjfOKt"
    onClick={[Function]}
  >
    <svg
      fill="none"
      height="20"
      viewBox="0 0 22 20"
      width="22"
      xmlns="http://www.w3.org/2000/svg"
    >
      <path
        d="M20.8528 8.58199V7.73231C20.8528 6.17856 19.7866 4.87246 18.3484 4.49822L18.3458 3.09728C18.3458 1.73006 17.2332 0.617432 15.8654 0.617432H15.7342L4.12586 4.21855C3.86148 4.23383 3.61064 4.29496 3.37508 4.38693H3.3448C1.50071 4.38693 0 5.88764 0 7.73231V16.0371C0 17.8815 1.50042 19.3825 3.3448 19.3825H17.508C19.3521 19.3825 20.8528 17.8818 20.8528 16.0371V14.9325C21.5225 14.6733 22 14.024 22 13.2635V10.2505C21.9997 9.49049 21.5225 8.84119 20.8528 8.58199ZM20.2698 13.2632C20.2698 13.2972 20.243 13.324 20.209 13.324H15.5263C15.4923 13.324 15.4658 13.2972 15.4658 13.2632V10.2505C15.4658 10.2173 15.4929 10.1902 15.5263 10.1902H20.209C20.2424 10.1902 20.2698 10.2173 20.2698 10.2505V13.2632ZM15.9724 2.35514C16.3359 2.40704 16.6159 2.72015 16.6159 3.09872L16.6182 4.38722H9.42202L15.9724 2.35514ZM17.508 17.6523H3.34509C2.45332 17.6523 1.73021 16.9289 1.73021 16.0368V7.73231C1.73021 6.83996 2.45332 6.11685 3.34509 6.11685H17.508C18.4 6.11685 19.1228 6.83996 19.1228 7.73231V8.46032H15.5263C14.5391 8.46032 13.7359 9.2633 13.7359 10.2505V13.2632C13.7359 14.2507 14.5391 15.0539 15.5263 15.0539H19.1228V16.0371C19.1228 16.9289 18.4 17.6523 17.508 17.6523Z"
        fill="currentColor"
      />
    </svg>
    <span>
      Wallet
    </span>
  </button>
  <button
    className="sc-9fe76d5-1 jjfOKt"
    onClick={[Function]}
  >
    <svg
      fill="none"
      height="16"
      viewBox="0 0 18 16"
      width="18"
      xmlns="http://www.w3.org/2000/svg"
    >
      <path
        d="M1.50008 0.5H16.5001C16.7211 0.5 16.9331 0.587797 17.0893 0.744078C17.2456 0.900358 17.3334 1.11232 17.3334 1.33333V14.6667C17.3334 14.8877 17.2456 15.0996 17.0893 15.2559C16.9331 15.4122 16.7211 15.5 16.5001 15.5H1.50008C1.27907 15.5 1.06711 15.4122 0.910826 15.2559C0.754545 15.0996 0.666748 14.8877 0.666748 14.6667V1.33333C0.666748 1.11232 0.754545 0.900358 0.910826 0.744078C1.06711 0.587797 1.27907 0.5 1.50008 0.5ZM15.6667 4.03167L9.06008 9.94833L2.33341 4.01333V13.8333H15.6667V4.03167ZM2.75925 2.16667L9.05091 7.71833L15.2517 2.16667H2.75925Z"
        fill="currentColor"
      />
    </svg>
    <span>
      Messages
    </span>
  </button>
  <button
    className="sc-9fe76d5-1 jjfOKt"
    onClick={[Function]}
  >
    <svg
      fill="none"
      height="22"
      viewBox="0 0 22 22"
      width="22"
      xmlns="http://www.w3.org/2000/svg"
    >
      <path
        d="M21.0702 8.2175H19.3544C19.2152 7.84469 19.076 7.47189 18.8918 7.14849L20.1 5.94024C20.4728 5.57193 20.4728 5.01496 20.1 4.64216L17.4051 1.94718C17.0368 1.57438 16.4798 1.57438 16.107 1.94718L14.8538 3.20035C14.5304 3.06111 14.1576 2.92186 13.8342 2.78262V1.01741C13.8342 0.505368 13.4165 0.0876465 12.9045 0.0876465H9.09555C8.5835 0.0876465 8.16578 0.505368 8.16578 1.01741V2.68381C7.79747 2.82305 7.46958 2.96229 7.14618 3.10153L5.89302 1.84837C5.5247 1.47556 4.96774 1.47556 4.59494 1.84837L1.89996 4.54334C1.52715 4.91166 1.52715 5.46862 1.89996 5.84142L3.10821 7.04967C2.92405 7.42248 2.78481 7.74587 2.64557 8.11868H0.929767C0.417722 8.11868 0 8.5364 0 9.04845V12.8573C0 13.3694 0.417722 13.7871 0.929767 13.7871H2.50633C2.64557 14.1599 2.78481 14.5282 2.96897 14.901L1.81013 16.0599C1.62597 16.244 1.2891 16.792 1.81013 17.358L4.5051 20.0529C4.87342 20.4257 5.43038 20.4257 5.80318 20.0529L6.91711 18.939C7.28542 19.1726 7.65823 19.3118 8.07595 19.4511V20.9827C8.07595 21.4948 8.49367 21.9125 9.00572 21.9125H12.8146C13.3267 21.9125 13.7444 21.4948 13.6995 21.0815V19.5499C14.0678 19.4106 14.4855 19.222 14.8583 19.0378L15.9722 20.1518C16.3405 20.5246 16.8975 20.5246 17.2703 20.1518L19.9653 17.4568C20.3381 17.0885 20.3381 16.5315 19.9653 16.1587L18.8065 14.9999C18.9906 14.6271 19.1299 14.2587 19.2691 13.8859H21.0702C21.5823 13.8859 22 13.4682 22 12.9562V9.14726C22 8.63522 21.5823 8.2175 21.0702 8.2175ZM20.0147 11.9815H18.6223C18.2046 11.9815 17.8363 12.26 17.7419 12.6777C17.5533 13.3739 17.3242 14.0252 16.9514 14.6271C16.7178 14.9999 16.8122 15.4625 17.0907 15.741L18.0653 16.7157L16.6729 18.1081L15.7432 17.1783C15.4647 16.8549 15.002 16.8055 14.6292 17.0391C13.978 17.4119 13.3267 17.6903 12.6305 17.8745C12.2127 17.9643 11.9343 18.3371 11.9343 18.7549V20.1023H9.93548V20.0979H9.89057V18.7504C9.89057 18.3326 9.61209 17.9643 9.19437 17.87C8.49367 17.6859 7.79747 17.4074 7.19559 17.0346C6.82278 16.801 6.36015 16.8953 6.08167 17.1738L5.1519 18.1036L3.75949 16.7112L4.73418 15.7365C5.01266 15.4131 5.10698 14.9954 4.87342 14.6226C4.50061 14.0207 4.22213 13.3694 4.08289 12.6732C3.99306 12.2555 3.62025 11.977 3.20253 11.977H1.81013V9.97821H3.29686C3.71458 9.97821 4.08289 9.69973 4.17722 9.28201C4.31646 8.63073 4.59494 8.02436 4.96774 7.42248C5.20131 7.04967 5.10698 6.58703 4.8285 6.30855L3.75949 5.23955L5.1519 3.84714L6.22091 4.91615C6.5443 5.19463 6.96203 5.28895 7.33483 5.05539C7.9412 4.73199 8.54308 4.45351 9.19437 4.31427C9.61209 4.22444 9.89057 3.85163 9.89057 3.43391V1.90226H11.8893V3.48332C11.8893 3.90104 12.1678 4.26935 12.5855 4.36368C13.2368 4.50292 13.8881 4.7814 14.4451 5.1048C14.8179 5.33836 15.2805 5.24404 15.559 4.96556L16.6729 3.85163L18.0653 5.24404L16.9963 6.31305C16.6729 6.59153 16.6235 7.05416 16.8571 7.42697C17.185 7.98842 17.4635 8.63522 17.6476 9.2865C17.7374 9.70423 18.1103 9.98271 18.528 9.98271H20.0147V11.9815Z"
        fill="currentColor"
      />
      <path
        d="M10.9102 5.94019C8.1254 5.94019 5.84814 8.21744 5.84814 11.0023C5.84814 13.7871 8.1254 16.0643 10.9102 16.0643C13.6995 16.0643 15.9723 13.7871 15.9723 11.0023C15.9723 8.21744 13.695 5.94019 10.9102 5.94019ZM10.9102 14.2542C9.145 14.2542 7.65827 12.8124 7.65827 11.0023C7.65827 9.23704 9.10008 7.75031 10.9102 7.75031C12.7203 7.75031 14.1622 9.19213 14.1622 11.0023C14.1622 12.7675 12.6754 14.2542 10.9102 14.2542Z"
        fill="currentColor"
      />
    </svg>
    <span>
      Account Settings
    </span>
  </button>
  <button
    className="sc-9fe76d5-1 jjfOKt"
    onClick={[Function]}
  >
    <svg
      fill="none"
      height="15"
      viewBox="0 0 14 15"
      width="14"
      xmlns="http://www.w3.org/2000/svg"
    >
      <path
        d="M13.6668 10.3347C13.6665 11.2464 13.3549 12.1306 12.7835 12.8411C12.2121 13.5515 11.4153 14.0455 10.5248 14.2413L10.0995 12.9653C10.489 12.9012 10.8594 12.7514 11.184 12.5269C11.5087 12.3023 11.7794 12.0085 11.9768 11.6667H10.3335C9.97987 11.6667 9.64074 11.5262 9.39069 11.2761C9.14064 11.0261 9.00016 10.687 9.00016 10.3333V7.66666C9.00016 7.31304 9.14064 6.9739 9.39069 6.72385C9.64074 6.4738 9.97987 6.33333 10.3335 6.33333H12.2922C12.1295 5.04459 11.5021 3.85951 10.5278 3.00045C9.55345 2.14138 8.29913 1.66738 7.00016 1.66738C5.7012 1.66738 4.44687 2.14138 3.47254 3.00045C2.49822 3.85951 1.87085 5.04459 1.70816 6.33333H3.66683C4.02045 6.33333 4.35959 6.4738 4.60964 6.72385C4.85969 6.9739 5.00016 7.31304 5.00016 7.66666V10.3333C5.00016 10.687 4.85969 11.0261 4.60964 11.2761C4.35959 11.5262 4.02045 11.6667 3.66683 11.6667H1.66683C1.31321 11.6667 0.974069 11.5262 0.72402 11.2761C0.473972 11.0261 0.333496 10.687 0.333496 10.3333V7C0.333496 3.318 3.31816 0.333328 7.00016 0.333328C10.6822 0.333328 13.6668 3.318 13.6668 7V10.3347ZM12.3335 10.3333V7.66666H10.3335V10.3333H12.3335ZM1.66683 7.66666V10.3333H3.66683V7.66666H1.66683Z"
        fill="currentColor"
      />
    </svg>
    <span>
      Support
    </span>
  </button>
</div>
`;
